/workspace/A111/runs/future/versioned_preset_catalog/research/worker/source_snapshots/android_system_bars.txt:1:Android system bars  |  Mobile  |  Android Developers
/workspace/A111/runs/future/versioned_preset_catalog/research/worker/source_snapshots/android_system_bars.txt-2-
--
/workspace/A111/runs/future/versioned_preset_catalog/research/worker/source_snapshots/android_system_bars.txt-4257-
/workspace/A111/runs/future/versioned_preset_catalog/research/worker/source_snapshots/android_system_bars.txt:4258:Android system bars
/workspace/A111/runs/future/versioned_preset_catalog/research/worker/source_snapshots/android_system_bars.txt-4259-
--
/workspace/A111/runs/future/versioned_preset_catalog/research/worker/source_snapshots/android_system_bars.txt-4289-
/workspace/A111/runs/future/versioned_preset_catalog/research/worker/source_snapshots/android_system_bars.txt:4290:The status bar, caption bar, and navigation bar are the system bars. They
/workspace/A111/runs/future/versioned_preset_catalog/research/worker/source_snapshots/android_system_bars.txt-4291-display important information such as battery level, the time, and notification
/workspace/A111/runs/future/versioned_preset_catalog/research/worker/source_snapshots/android_system_bars.txt-4292-alerts, and provide direct device interaction from anywhere.
/workspace/A111/runs/future/versioned_preset_catalog/research/worker/source_snapshots/android_system_bars.txt:4293:Always take the presence and prominence of system bars into account, whether
/workspace/A111/runs/future/versioned_preset_catalog/research/worker/source_snapshots/android_system_bars.txt-4294-you're designing layouts, input methods, or other device capabilities.
--
/workspace/A111/runs/future/versioned_preset_catalog/research/worker/source_snapshots/android_system_bars.txt-4329-
/workspace/A111/runs/future/versioned_preset_catalog/research/worker/source_snapshots/android_system_bars.txt:4330:Figure 1. Images behind system bars.
/workspace/A111/runs/future/versioned_preset_catalog/research/worker/source_snapshots/android_system_bars.txt-4331-Note: System bars and navigation can vary by device manufacturer. Older devices
--
/workspace/A111/runs/future/versioned_preset_catalog/research/worker/source_snapshots/android_system_bars.txt-4333-Takeaways
/workspace/A111/runs/future/versioned_preset_catalog/research/worker/source_snapshots/android_system_bars.txt:4334:Include system bars in your layouts for different screen sizes and form
/workspace/A111/runs/future/versioned_preset_catalog/research/worker/source_snapshots/android_system_bars.txt-4335-factors. Account for UI safe zones, system interactions, input methods,
--
/workspace/A111/runs/future/versioned_preset_catalog/research/worker/source_snapshots/android_system_bars.txt-4339-draw content behind these bars to go edge-to-edge.
/workspace/A111/runs/future/versioned_preset_catalog/research/worker/source_snapshots/android_system_bars.txt:4340:Use WindowInsets to properly handle system bar intrusions and ensure
/workspace/A111/runs/future/versioned_preset_catalog/research/worker/source_snapshots/android_system_bars.txt-4341-your content is not obscured in your adaptive layouts.
--
/workspace/A111/runs/future/versioned_preset_catalog/research/worker/source_snapshots/android_system_bars.txt-4371-Figure 5. Do go edge-to-edge to enhance your content. Don't
/workspace/A111/runs/future/versioned_preset_catalog/research/worker/source_snapshots/android_system_bars.txt:4372:have opaque system bars.
/workspace/A111/runs/future/versioned_preset_catalog/research/worker/source_snapshots/android_system_bars.txt-4373-Transparent status bars are ideal when the UI doesn't appear underneath the
--
/workspace/A111/runs/future/versioned_preset_catalog/research/worker/source_snapshots/android_system_bars.txt-4395-Supporting edge-to-edge content.
/workspace/A111/runs/future/versioned_preset_catalog/research/worker/source_snapshots/android_system_bars.txt:4396:Avoid adding interactions or touch targets under gesture navigation insets.
/workspace/A111/runs/future/versioned_preset_catalog/research/worker/source_snapshots/android_system_bars.txt-4397-For more information, see Add support for gesture navigation.
--
/workspace/A111/runs/future/versioned_preset_catalog/research/worker/source_snapshots/android_system_bars.txt-4403-adaptive navigation components in Jetpack Compose handle multiple form factors
/workspace/A111/runs/future/versioned_preset_catalog/research/worker/source_snapshots/android_system_bars.txt:4404:while also keeping the system bars from interfering with the layout of
/workspace/A111/runs/future/versioned_preset_catalog/research/worker/source_snapshots/android_system_bars.txt-4405-navigation components.
/workspace/A111/runs/future/versioned_preset_catalog/research/worker/source_snapshots/android_system_bars.txt:4406:In adaptive layouts, consider how the system bars might behave or be styled
/workspace/A111/runs/future/versioned_preset_catalog/research/worker/source_snapshots/android_system_bars.txt-4407-differently across various contexts, such as compact or expanded window sizes or
--
/workspace/A111/runs/future/versioned_preset_catalog/research/worker/source_snapshots/android_system_bars.txt-4415-mode and in the button modes. The system applies dynamic color adaptation, in
/workspace/A111/runs/future/versioned_preset_catalog/research/worker/source_snapshots/android_system_bars.txt:4416:which the contents of the system bars change color based on the content behind
/workspace/A111/runs/future/versioned_preset_catalog/research/worker/source_snapshots/android_system_bars.txt-4417-them.
--
/workspace/A111/runs/future/versioned_preset_catalog/research/worker/source_snapshots/android_system_bars.txt-4498-with the keyboard sliding up and down from the bottom of the screen, use
/workspace/A111/runs/future/versioned_preset_catalog/research/worker/source_snapshots/android_system_bars.txt:4499:WindowInsetsAnimationCompat.
/workspace/A111/runs/future/versioned_preset_catalog/research/worker/source_snapshots/android_system_bars.txt-4500-Layouts
--
/workspace/A111/runs/future/versioned_preset_catalog/research/worker/source_snapshots/android_system_bars.txt-4502-by moving content into secondary or tertiary panes.
/workspace/A111/runs/future/versioned_preset_catalog/research/worker/source_snapshots/android_system_bars.txt:4503:When designing adaptive layouts, consider how the system bars interact with your
/workspace/A111/runs/future/versioned_preset_catalog/research/worker/source_snapshots/android_system_bars.txt:4504:content. Use WindowInsets to ensure your UI is not obscured by the system bars
/workspace/A111/runs/future/versioned_preset_catalog/research/worker/source_snapshots/android_system_bars.txt-4505-on displays such as large screens, foldables, and app windows in multi-window
--
/workspace/A111/runs/future/versioned_preset_catalog/research/worker/source_snapshots/android_system_bars.txt-4521-on a landscape-oriented mobile device.
/workspace/A111/runs/future/versioned_preset_catalog/research/worker/source_snapshots/android_system_bars.txt:4522:You can hide system bars when you need a full-screen experience, for example
/workspace/A111/runs/future/versioned_preset_catalog/research/worker/source_snapshots/android_system_bars.txt-4523-when the user is watching a movie. The user should still be able to tap to
/workspace/A111/runs/future/versioned_preset_catalog/research/worker/source_snapshots/android_system_bars.txt:4524:reveal system bars and navigate or interact with system controls. For more
/workspace/A111/runs/future/versioned_preset_catalog/research/worker/source_snapshots/android_system_bars.txt:4525:information, see Immersive content and Hide the system bars for immersive
/workspace/A111/runs/future/versioned_preset_catalog/research/worker/source_snapshots/android_system_bars.txt-4526-mode.
--
/workspace/A111/runs/future/versioned_preset_catalog/research/worker/source_snapshots/mdn_dialog.txt-644-
/workspace/A111/runs/future/versioned_preset_catalog/research/worker/source_snapshots/mdn_dialog.txt:645:The <dialog> HTML element represents a modal or non-modal dialog box or other interactive component, such as a dismissible alert, inspector, or subwindow.
/workspace/A111/runs/future/versioned_preset_catalog/research/worker/source_snapshots/mdn_dialog.txt-646-
--
/workspace/A111/runs/future/versioned_preset_catalog/research/worker/source_snapshots/mdn_dialog.txt-700-Note:
/workspace/A111/runs/future/versioned_preset_catalog/research/worker/source_snapshots/mdn_dialog.txt:701:While you can toggle between the open and closed states of non-modal dialog boxes by toggling the presence of the open attribute, this approach is not recommended. See open for more information.
/workspace/A111/runs/future/versioned_preset_catalog/research/worker/source_snapshots/mdn_dialog.txt-702-
--
/workspace/A111/runs/future/versioned_preset_catalog/research/worker/source_snapshots/mdn_dialog.txt-705-
/workspace/A111/runs/future/versioned_preset_catalog/research/worker/source_snapshots/mdn_dialog.txt:706:The HTML <dialog> element is used to create both modal and non-modal dialog boxes.
/workspace/A111/runs/future/versioned_preset_catalog/research/worker/source_snapshots/mdn_dialog.txt:707:Modal dialog boxes block interaction with other UI elements, making the rest of the page inert, while non-modal dialog boxes allow interaction with the rest of the page.
/workspace/A111/runs/future/versioned_preset_catalog/research/worker/source_snapshots/mdn_dialog.txt-708-
--
/workspace/A111/runs/future/versioned_preset_catalog/research/worker/source_snapshots/mdn_dialog.txt-712-JavaScript can be used to display and close the <dialog> element.
/workspace/A111/runs/future/versioned_preset_catalog/research/worker/source_snapshots/mdn_dialog.txt:713:You can use the showModal() method to display a modal dialog and the show() method to display a non-modal dialog. The dialog box can be closed using the close() method or using the dialog method when submitting a <form> that is nested within the <dialog> element.
/workspace/A111/runs/future/versioned_preset_catalog/research/worker/source_snapshots/mdn_dialog.txt-714-Modal dialogs can also be closed by pressing the Esc key.
--
/workspace/A111/runs/future/versioned_preset_catalog/research/worker/source_snapshots/mdn_dialog.txt-730-
/workspace/A111/runs/future/versioned_preset_catalog/research/worker/source_snapshots/mdn_dialog.txt:731:Non-modal dialogs using popover commands
/workspace/A111/runs/future/versioned_preset_catalog/research/worker/source_snapshots/mdn_dialog.txt-732-
/workspace/A111/runs/future/versioned_preset_catalog/research/worker/source_snapshots/mdn_dialog.txt:733:Non-modal dialogs can be declaratively opened, closed, and toggled using the Popover API HTML attributes popovertarget and popovertargetaction, which can be defined on <button> and <input> elements.
/workspace/A111/runs/future/versioned_preset_catalog/research/worker/source_snapshots/mdn_dialog.txt-734-The <dialog> must be turned into a popover by adding the popover attribute.
--
/workspace/A111/runs/future/versioned_preset_catalog/research/worker/source_snapshots/mdn_dialog.txt-759-A <dialog> can be selected using its element name (like any other element), and you can also match its state using pseudo-classes such as :modal and :open.
/workspace/A111/runs/future/versioned_preset_catalog/research/worker/source_snapshots/mdn_dialog.txt:760:The CSS ::backdrop pseudo-element can be used to style the backdrop of a modal dialog, which is displayed behind the <dialog> element when the dialog is displayed using the HTMLDialogElement.showModal() method.
/workspace/A111/runs/future/versioned_preset_catalog/research/worker/source_snapshots/mdn_dialog.txt:761:This pseudo-element could be used, for example, to blur, darken, or otherwise obfuscate the inert content behind the modal dialog.
/workspace/A111/runs/future/versioned_preset_catalog/research/worker/source_snapshots/mdn_dialog.txt-762-
--
/workspace/A111/runs/future/versioned_preset_catalog/research/worker/source_snapshots/mdn_dialog.txt-766-HTML <form> elements can be used to close a dialog box if they have the attribute method="dialog" or if the button used to submit the form has formmethod="dialog" set. When a <form> within a <dialog> is submitted via the dialog method, the dialog box closes, the states of the form controls are saved but not submitted, and the returnValue property gets set to the value of the button that was activated.
/workspace/A111/runs/future/versioned_preset_catalog/research/worker/source_snapshots/mdn_dialog.txt:767:The autofocus attribute should be added to the element the user is expected to interact with immediately upon opening a modal dialog. If no other element involves more immediate interaction, it is recommended to add autofocus to the close button inside the dialog, or the dialog itself if the user is expected to click/activate it to dismiss.
/workspace/A111/runs/future/versioned_preset_catalog/research/worker/source_snapshots/mdn_dialog.txt-768-Do not add the tabindex property to the <dialog> element as it is not interactive and does not receive focus. The dialog's contents, including the close button contained in the dialog, can receive focus and be interactive.
--
/workspace/A111/runs/future/versioned_preset_catalog/research/worker/source_snapshots/mdn_dialog.txt-772-
/workspace/A111/runs/future/versioned_preset_catalog/research/worker/source_snapshots/mdn_dialog.txt:773:When implementing a dialog, it is important to consider the most appropriate place to set user focus. When using HTMLDialogElement.showModal() to open a <dialog>, focus is set on the first nested focusable element. Explicitly indicating the initial focus placement by using the autofocus attribute will help ensure initial focus is set on the element deemed the best initial focus placement for any particular dialog. When in doubt, as it may not always be known where initial focus could be set within a dialog, particularly for instances where a dialog's content is dynamically rendered when invoked, the <dialog> element itself may provide the best initial focus placement.
/workspace/A111/runs/future/versioned_preset_catalog/research/worker/source_snapshots/mdn_dialog.txt-774-Ensure a mechanism is provided to allow users to close the dialog. The most robust way to ensure that all users can close the dialog is to include an explicit button to do so, such as a confirmation, cancellation, or close button.
/workspace/A111/runs/future/versioned_preset_catalog/research/worker/source_snapshots/mdn_dialog.txt:775:By default, a dialog invoked by the showModal() method can be dismissed by pressing the Esc key. A non-modal dialog does not dismiss via the Esc key by default, and depending on what the non-modal dialog represents, it may not be desired for this behavior. Keyboard users expect the Esc key to close modal dialogs; ensure that this behavior is implemented and maintained. If multiple modal dialogs are open, pressing the Esc key should close only the last shown dialog. When using <dialog>, this behavior is provided by the browser.
/workspace/A111/runs/future/versioned_preset_catalog/research/worker/source_snapshots/mdn_dialog.txt-776-While dialogs can be created using other elements, the native <dialog> element provides usability and accessibility features that must be replicated if you use other elements for a similar purpose. If you're creating a custom dialog implementation, ensure that all expected default behaviors are supported and proper labeling recommendations are followed.
/workspace/A111/runs/future/versioned_preset_catalog/research/worker/source_snapshots/mdn_dialog.txt:777:The <dialog> element is exposed by browsers in a manner similar to custom dialogs that use the ARIA role="dialog" attribute. <dialog> elements invoked by the showModal() method implicitly have aria-modal="true", whereas <dialog> elements invoked by the show() method or displayed using the open attribute or by changing the default display of a <dialog> are exposed as [aria-modal="false"]. When implementing modal dialogs, everything other than the <dialog> and its contents should be rendered inert using the inert attribute. When using <dialog> along with the HTMLDialogElement.showModal() method, this behavior is provided by the browser.
/workspace/A111/runs/future/versioned_preset_catalog/research/worker/source_snapshots/mdn_dialog.txt-778-
--
/workspace/A111/runs/future/versioned_preset_catalog/research/worker/source_snapshots/mdn_dialog.txt-785-
/workspace/A111/runs/future/versioned_preset_catalog/research/worker/source_snapshots/mdn_dialog.txt:786:This example demonstrates how you can use open and close a modal dialog using the commandfor and command HTML attributes of the Invoker Commands API.
/workspace/A111/runs/future/versioned_preset_catalog/research/worker/source_snapshots/mdn_dialog.txt-787-First, we declare a <button> element, setting the command attribute to "show-modal", and the commandfor attribute to the id of the dialog to open (my-dialog).
--
/workspace/A111/runs/future/versioned_preset_catalog/research/worker/source_snapshots/mdn_dialog.txt-801-
/workspace/A111/runs/future/versioned_preset_catalog/research/worker/source_snapshots/mdn_dialog.txt:802:This example demonstrates how you can open and close a non-modal dialog using the popover, popovertarget, and popovertargetaction HTML attributes of the Popover API.
/workspace/A111/runs/future/versioned_preset_catalog/research/worker/source_snapshots/mdn_dialog.txt-803-The <dialog> is turned into a popover by adding the popover attribute.
--
/workspace/A111/runs/future/versioned_preset_catalog/research/worker/source_snapshots/mdn_dialog.txt-822-
/workspace/A111/runs/future/versioned_preset_catalog/research/worker/source_snapshots/mdn_dialog.txt:823:This example demonstrates how you can set the boolean open attribute on a <dialog> element, in order to create an HTML-only non-modal dialog that is already open when the page loads.
/workspace/A111/runs/future/versioned_preset_catalog/research/worker/source_snapshots/mdn_dialog.txt-824-The dialog can be closed by clicking the "OK" button because the method attribute in the <form> element is set to "dialog".
--
/workspace/A111/runs/future/versioned_preset_catalog/research/worker/source_snapshots/mdn_dialog.txt-837-Reload the page to reset the output.
/workspace/A111/runs/future/versioned_preset_catalog/research/worker/source_snapshots/mdn_dialog.txt:838:When the dialog is dismissed, there is no method provided to reopen it. The preferred method to display non-modal dialogs is to use the HTMLDialogElement.show() method.
/workspace/A111/runs/future/versioned_preset_catalog/research/worker/source_snapshots/mdn_dialog.txt-839-It is possible to toggle the display of the dialog by adding or removing the boolean open attribute, but this is not the recommended practice.
--
/workspace/A111/runs/future/versioned_preset_catalog/research/worker/source_snapshots/mdn_dialog.txt-841-
/workspace/A111/runs/future/versioned_preset_catalog/research/worker/source_snapshots/mdn_dialog.txt:842:Creating a modal dialog
/workspace/A111/runs/future/versioned_preset_catalog/research/worker/source_snapshots/mdn_dialog.txt-843-
/workspace/A111/runs/future/versioned_preset_catalog/research/worker/source_snapshots/mdn_dialog.txt:844:This example demonstrates a modal dialog with a gradient backdrop. The .showModal() method opens the modal dialog when the "Show the dialog" button is activated. The dialog can be closed by pressing the Esc key or via the close() method when the "Close" button within the dialog is activated.
/workspace/A111/runs/future/versioned_preset_catalog/research/worker/source_snapshots/mdn_dialog.txt:845:When a dialog opens, the browser, by default, gives focus to the first element that can be focused within the dialog. In this example, the autofocus attribute is applied to the "Close" button, giving it focus when the dialog opens, as this is the element we expect the user will interact with immediately after the dialog opens.
/workspace/A111/runs/future/versioned_preset_catalog/research/worker/source_snapshots/mdn_dialog.txt-846-HTML
--
/workspace/A111/runs/future/versioned_preset_catalog/research/worker/source_snapshots/mdn_dialog.txt-849-<button autofocus>Close</button>
/workspace/A111/runs/future/versioned_preset_catalog/research/worker/source_snapshots/mdn_dialog.txt:850:<p>This modal dialog has a groovy backdrop!</p>
/workspace/A111/runs/future/versioned_preset_catalog/research/worker/source_snapshots/mdn_dialog.txt-851-</dialog>
--
/workspace/A111/runs/future/versioned_preset_catalog/research/worker/source_snapshots/mdn_dialog.txt-880-Result
/workspace/A111/runs/future/versioned_preset_catalog/research/worker/source_snapshots/mdn_dialog.txt:881:When the modal dialog is displayed, it appears above any other dialogs that might be present. Everything outside the modal dialog is inert and interactions outside the dialog are blocked. Notice that when the dialog is open, with the exception of the dialog itself, interaction with the document is not possible; the "Show the dialog" button is mostly obfuscated by the almost opaque backdrop of the dialog and is inert.
/workspace/A111/runs/future/versioned_preset_catalog/research/worker/source_snapshots/mdn_dialog.txt-882-
--
/workspace/A111/runs/future/versioned_preset_catalog/research/worker/source_snapshots/mdn_dialog.txt-885-
/workspace/A111/runs/future/versioned_preset_catalog/research/worker/source_snapshots/mdn_dialog.txt:886:This example demonstrates the returnValue of the <dialog> element and how to close a modal dialog by using a form. By default, the returnValue is the empty string or the value of the button that submits the form within the <dialog> element, if there is one.
/workspace/A111/runs/future/versioned_preset_catalog/research/worker/source_snapshots/mdn_dialog.txt:887:This example opens a modal dialog when the "Show the dialog" button is activated. The dialog contains a form with a <select> and three <button> elements, which default to type="submit". Only the "Cancel" button has an explicit value attribute, which will be automatically used to set the dialog's returnValue.
/workspace/A111/runs/future/versioned_preset_catalog/research/worker/source_snapshots/mdn_dialog.txt-888-HTML
/workspace/A111/runs/future/versioned_preset_catalog/research/worker/source_snapshots/mdn_dialog.txt-889-html
/workspace/A111/runs/future/versioned_preset_catalog/research/worker/source_snapshots/mdn_dialog.txt:890:<!-- A modal dialog containing a form -->
/workspace/A111/runs/future/versioned_preset_catalog/research/worker/source_snapshots/mdn_dialog.txt-891-<dialog id="favDialog">
--
/workspace/A111/runs/future/versioned_preset_catalog/research/worker/source_snapshots/mdn_reduced_motion.txt-637-An embedded example at the bottom of this page has a scaling movement that may be problematic for some readers. Readers with vestibular motion disorders may wish to enable the reduce motion feature on their device before viewing the animation.
/workspace/A111/runs/future/versioned_preset_catalog/research/worker/source_snapshots/mdn_reduced_motion.txt:638:The prefers-reduced-motion CSS media feature is used to detect if a user has enabled a setting on their device to minimize the amount of non-essential motion. The setting is used to convey to the browser on the device that the user prefers an interface that removes, reduces, or replaces motion-based animations.
/workspace/A111/runs/future/versioned_preset_catalog/research/worker/source_snapshots/mdn_reduced_motion.txt:639:Such animations can trigger discomfort for those with vestibular motion disorders. Animations such as scaling or panning large objects can be vestibular motion triggers.
/workspace/A111/runs/future/versioned_preset_catalog/research/worker/source_snapshots/mdn_reduced_motion.txt-640-
--
/workspace/A111/runs/future/versioned_preset_catalog/research/worker/source_snapshots/wcag_focus_visible.txt-106-
/workspace/A111/runs/future/versioned_preset_catalog/research/worker/source_snapshots/wcag_focus_visible.txt:107:Any keyboard operable user interface has a mode of operation where the keyboard focus indicator is visible.
/workspace/A111/runs/future/versioned_preset_catalog/research/worker/source_snapshots/wcag_focus_visible.txt-108-
--
/workspace/A111/runs/future/versioned_preset_catalog/research/worker/source_snapshots/wcag_use_of_color.txt-94-
/workspace/A111/runs/future/versioned_preset_catalog/research/worker/source_snapshots/wcag_use_of_color.txt:95:Color is not used as the only visual means of conveying information, indicating an
/workspace/A111/runs/future/versioned_preset_catalog/research/worker/source_snapshots/wcag_use_of_color.txt-96-action, prompting a response, or distinguishing a visual element.
--
/workspace/A111/runs/future/versioned_preset_catalog/research/worker/source_snapshots/wcag_use_of_color.txt-149-For example, a light green and a dark red differ both by color (hue)
/workspace/A111/runs/future/versioned_preset_catalog/research/worker/source_snapshots/wcag_use_of_color.txt:150:and by lightness, so they would pass if the contrast ratio is at least 3:1.
/workspace/A111/runs/future/versioned_preset_catalog/research/worker/source_snapshots/wcag_use_of_color.txt-151-Similarly, if content is distinguished by inverting an element's foreground and background colors,
--
/workspace/A111/runs/future/versioned_preset_catalog/research/worker/source_snapshots/wcag_use_of_color.txt-321-
/workspace/A111/runs/future/versioned_preset_catalog/research/worker/source_snapshots/wcag_use_of_color.txt:322:G183: Using a contrast ratio of at least 3:1 to distinguish inline text links from surrounding text
/workspace/A111/runs/future/versioned_preset_catalog/research/worker/source_snapshots/wcag_use_of_color.txt-323-
--
/workspace/A111/runs/future/versioned_preset_catalog/research/worker/source_snapshots/wcag_contrast_minimum.txt-103-
/workspace/A111/runs/future/versioned_preset_catalog/research/worker/source_snapshots/wcag_contrast_minimum.txt:104:The visual presentation of text and images of text has a contrast ratio of at least 4.5:1, except for the following:
/workspace/A111/runs/future/versioned_preset_catalog/research/worker/source_snapshots/wcag_contrast_minimum.txt-105-
--
/workspace/A111/runs/future/versioned_preset_catalog/research/worker/source_snapshots/wcag_contrast_minimum.txt-114-
/workspace/A111/runs/future/versioned_preset_catalog/research/worker/source_snapshots/wcag_contrast_minimum.txt:115:Large-scale text and images of large-scale text have a contrast ratio of at least 3:1;
/workspace/A111/runs/future/versioned_preset_catalog/research/worker/source_snapshots/wcag_contrast_minimum.txt-116-
--
/workspace/A111/runs/future/versioned_preset_catalog/research/worker/source_snapshots/wcag_contrast_minimum.txt-511-
/workspace/A111/runs/future/versioned_preset_catalog/research/worker/source_snapshots/wcag_contrast_minimum.txt:512:G18: Ensuring that a contrast ratio of at least 4.5:1 exists between text (and images of text)
/workspace/A111/runs/future/versioned_preset_catalog/research/worker/source_snapshots/wcag_contrast_minimum.txt-513-and background behind the text
--
/workspace/A111/runs/future/versioned_preset_catalog/research/worker/source_snapshots/wcag_contrast_minimum.txt-522-
/workspace/A111/runs/future/versioned_preset_catalog/research/worker/source_snapshots/wcag_contrast_minimum.txt:523:G145: Ensuring that a contrast ratio of at least 3:1 exists between text (and images of text)
/workspace/A111/runs/future/versioned_preset_catalog/research/worker/source_snapshots/wcag_contrast_minimum.txt-524-and background behind the text
